MPLINK 4.35, Linker
Linker Map File - Created Sun Apr 03 20:03:55 2016

                                 Section Info
                  Section       Type    Address   Location Size(Bytes)
                ---------  ---------  ---------  ---------  ---------
               _entry_scn       code   0x000000    program   0x000006
                   .cinit    romdata   0x000006    program   0x000026
            .code_blink.o       code   0x00002c    program   0x000d9c
         .code_vfprintf.o       code   0x000dc8    program   0x000c22
              .code_LCD.o       code   0x0019ea    program   0x000b04
            .code_USART.o       code   0x0024ee    program   0x000488
                     PROG       code   0x002976    program   0x0002b0
               _cinit_scn       code   0x002c26    program   0x00009e
                   STRING       code   0x002cc4    program   0x000098
           .code_printf.o       code   0x002d5c    program   0x000098
             .code_putc.o       code   0x002df4    program   0x000084
             .stringtable    romdata   0x002e78    program   0x00007d
          .idata_putc.o_i    romdata   0x002ef5    program   0x000000
       .idata_fxm3232.o_i    romdata   0x002ef5    program   0x000000
    .idata__user_putc.o_i    romdata   0x002ef5    program   0x000000
    .romdata__user_putc.o    romdata   0x002ef5    program   0x000000
        .romdata_stdout.o    romdata   0x002ef5    program   0x000000
        .romdata_printf.o    romdata   0x002ef5    program   0x000000
      .romdata_fxd3232u.o    romdata   0x002ef5    program   0x000000
      .idata_fxd1616u.o_i    romdata   0x002ef5    program   0x000000
         .romdata_c018i.o    romdata   0x002ef5    program   0x000000
         .romdata_Delay.o    romdata   0x002ef5    program   0x000000
           .idata_LCD.o_i    romdata   0x002ef5    program   0x000000
         .romdata_USART.o    romdata   0x002ef5    program   0x000000
            .code_Delay.o       code   0x002ef6    program   0x000000
          .code_fxm3232.o       code   0x002ef6    program   0x000070
           .code_stdout.o       code   0x002ef6    program   0x000000
         .code_fxd3232u.o       code   0x002f66    program   0x000048
         .code_fxd1616u.o       code   0x002fae    program   0x00002c
                    CTYPE       code   0x002fda    program   0x000024
              D1KTCYXCODE       code   0x002ffe    program   0x000020
                    .code       code   0x00301e    program   0x000020
             _startup_scn       code   0x00303e    program   0x00001c
                    STDIO       code   0x00305a    program   0x00001c
              D10TCYXCODE       code   0x003076    program   0x000016
      .romdata_vfprintf.o    romdata   0x00308c    program   0x000011
         .idata_c018i.o_i    romdata   0x00309d    program   0x000000
      .romdata_fxd1616u.o    romdata   0x00309d    program   0x000000
      .idata_fxd3232u.o_i    romdata   0x00309d    program   0x000000
          .romdata_putc.o    romdata   0x00309d    program   0x000000
        .idata___init.o_i    romdata   0x00309d    program   0x000000
        .romdata___init.o    romdata   0x00309d    program   0x000000
       .romdata_fxm3232.o    romdata   0x00309d    program   0x000000
         .romdata_blink.o    romdata   0x00309d    program   0x000000
      .idata_vfprintf.o_i    romdata   0x00309d    program   0x000000
           .romdata_LCD.o    romdata   0x00309d    program   0x000000
        .idata_printf.o_i    romdata   0x00309d    program   0x000000
         .idata_Delay.o_i    romdata   0x00309d    program   0x000000
            .code_c018i.o       code   0x00309e    program   0x000000
       .code__user_putc.o       code   0x00309e    program   0x000002
           .code___init.o       code   0x0030a0    program   0x000002
        .idata_stdout.o_i    romdata   0x0030a2    program   0x000002
         .idata_blink.o_i    romdata   0x0030a4    program   0x000004
         .idata_USART.o_i    romdata   0x0030a8    program   0x00000a
                MATH_DATA      udata   0x000000       data   0x000014
                 .tmpdata      udata   0x000014       data   0x00000a
                DELAYDAT1      udata   0x00001e       data   0x000001
             .udata_LCD.o      udata   0x000080       data   0x000021
           .udata_c018i.o      udata   0x0000a1       data   0x00000a
           .idata_USART.o      idata   0x0000ab       data   0x00000a
           .idata_blink.o      idata   0x0000b5       data   0x000004
          .idata_stdout.o      idata   0x0000b9       data   0x000002
            .idata_putc.o      idata   0x0000bb       data   0x000000
            .udata_putc.o      udata   0x0000bb       data   0x000000
      .udata__user_putc.o      udata   0x0000bb       data   0x000000
         .idata_fxm3232.o      idata   0x0000bb       data   0x000000
         .udata_fxm3232.o      udata   0x0000bb       data   0x000000
        .idata_vfprintf.o      idata   0x0000bb       data   0x000000
      .idata__user_putc.o      idata   0x0000bb       data   0x000000
        .udata_vfprintf.o      udata   0x0000bb       data   0x000000
          .udata_stdout.o      udata   0x0000bb       data   0x000000
          .idata_printf.o      idata   0x0000bb       data   0x000000
          .udata_printf.o      udata   0x0000bb       data   0x000000
          .idata___init.o      idata   0x0000bb       data   0x000000
          .udata___init.o      udata   0x0000bb       data   0x000000
        .idata_fxd3232u.o      idata   0x0000bb       data   0x000000
        .udata_fxd3232u.o      udata   0x0000bb       data   0x000000
        .idata_fxd1616u.o      idata   0x0000bb       data   0x000000
        .udata_fxd1616u.o      udata   0x0000bb       data   0x000000
           .idata_Delay.o      idata   0x0000bb       data   0x000000
           .udata_Delay.o      udata   0x0000bb       data   0x000000
           .udata_USART.o      udata   0x0000bb       data   0x000000
             .idata_LCD.o      idata   0x0000bb       data   0x000000
           .udata_blink.o      udata   0x0000bb       data   0x000000
           .idata_c018i.o      idata   0x0000bb       data   0x000000
                   .stack      udata   0x000500       data   0x000100
            SFR_UNBANKED0      udata   0x000f80       data   0x000080



                              Program Memory Usage 
                               Start         End      
                           ---------   ---------      
                            0x000000    0x002ef4      
                            0x002ef6    0x00309c      
                            0x00309e    0x0030b1      
            12464 out of 33048 program addresses used, program memory utilization is 37%



                              Symbols - Sorted by Name
                     Name    Address   Location    Storage File                     
                ---------  ---------  ---------  --------- ---------                
                    D10_1   0x003086    program     static C:\MCC18\src\traditional\delays\d10tcyx.asm
                     D10x   0x00307e    program     static C:\MCC18\src\traditional\delays\d10tcyx.asm
                    D1K_1   0x00300a    program     static C:\MCC18\src\traditional\delays\d1ktcyx.asm
                     D1Kx   0x003008    program     static C:\MCC18\src\traditional\delays\d1ktcyx.asm
              Delay10TCYx   0x003076    program     extern C:\MCC18\src\traditional\delays\d10tcyx.asm
              Delay1KTCYx   0x002ffe    program     extern C:\MCC18\src\traditional\delays\d1ktcyx.asm
                 FLO3232S   0x00297a    program     extern C:\MCC18\src\traditional\math\cast32FP.asm
                 FLO3232U   0x002976    program     extern C:\MCC18\src\traditional\math\cast32FP.asm
                    FPD32   0x0029ac    program     extern C:\MCC18\src\traditional\math\divFP.asm
                 FXD1616U   0x002fae    program     extern C:\MCC18\src\traditional\math\fxd1616u.c
                 FXD3232U   0x002f66    program     extern C:\MCC18\src\traditional\math\fxd3232u.c
                 FXM1616S   0x002bcc    program     extern C:\MCC18\src\traditional\math\fxm1616s.asm
                  FXM3232   0x002ef6    program     extern C:\MCC18\src\traditional\math\fxm3232.c
                  INT3232   0x002a52    program     extern C:\MCC18\src\traditional\math\castFP32.asm
                InitUSART   0x0024ee    program     extern C:\Users\LIVEWIRE\Desktop\smec project\vechile\USART.c
                  LCDinit   0x001b82    program     extern C:\Users\LIVEWIRE\Desktop\smec project\vechile\LCD.c
               TSIGN1616A   0x002c18    program     static C:\MCC18\src\traditional\math\fxm1616s.asm
                   _2jEnd   0x002d46    program     static C:\MCC18\src\traditional\stdclib\slenpgm.asm
        _D10TCYXCODE_000A   0x003080    program     static C:\MCC18\src\traditional\delays\d10tcyx.asm
        _D10TCYXCODE_000C   0x003082    program     static C:\MCC18\src\traditional\delays\d10tcyx.asm
        _D10TCYXCODE_000E   0x003084    program     static C:\MCC18\src\traditional\delays\d10tcyx.asm
        _D1KTCYXCODE_0010   0x00300e    program     static C:\MCC18\src\traditional\delays\d1ktcyx.asm
        _D1KTCYXCODE_0016   0x003014    program     static C:\MCC18\src\traditional\delays\d1ktcyx.asm
                 __FpExit   0x002acc    program     extern C:\MCC18\src\traditional\math\packFP.asm
                 __FpPack   0x002af8    program     extern C:\MCC18\src\traditional\math\packFP.asm
            __FpReturnNaN   0x002ac0    program     extern C:\MCC18\src\traditional\math\packFP.asm
         __FpReturnNegInf   0x002ad2    program     extern C:\MCC18\src\traditional\math\packFP.asm
        __FpReturnNegZero   0x002aea    program     extern C:\MCC18\src\traditional\math\packFP.asm
         __FpReturnPosInf   0x002ad8    program     extern C:\MCC18\src\traditional\math\packFP.asm
        __FpReturnPosZero   0x002af2    program     extern C:\MCC18\src\traditional\math\packFP.asm
        __FpReturnSignInf   0x002ace    program     extern C:\MCC18\src\traditional\math\packFP.asm
       __FpReturnSignZero   0x002ae6    program     extern C:\MCC18\src\traditional\math\packFP.asm
              __FpReturnW   0x002b50    program     extern C:\MCC18\src\traditional\math\packFP.asm
              __FpUnPackA   0x002b70    program     extern C:\MCC18\src\traditional\math\UnpackFP.asm
              __FpUnPackB   0x002ba0    program     extern C:\MCC18\src\traditional\math\UnpackFP.asm
       ___return_lbl00000   0x002fd8    program     static                          
       ___return_lbl00000   0x002fac    program     static                          
       ___return_lbl00000   0x000004    program     static                          
       ___return_lbl00000   0x002f64    program     static                          
       ___return_lbl00001   0x003058    program     static                          
       ___return_lbl00002   0x002cc2    program     static                          
                   __init   0x0030a0    program     extern C:\MCC18\src\traditional\stdclib\__init.c
                   __pa_0   0x001708    program     static C:\MCC18\src\traditional\stdclib\vfprintf.c
                   __pa_1   0x001710    program     static C:\MCC18\src\traditional\stdclib\vfprintf.c
                  __pa_10   0x0017c4    program     static C:\MCC18\src\traditional\stdclib\vfprintf.c
                  __pa_11   0x0017d2    program     static C:\MCC18\src\traditional\stdclib\vfprintf.c
                  __pa_12   0x0017e8    program     static C:\MCC18\src\traditional\stdclib\vfprintf.c
                  __pa_13   0x001802    program     static C:\MCC18\src\traditional\stdclib\vfprintf.c
                  __pa_14   0x00181a    program     static C:\MCC18\src\traditional\stdclib\vfprintf.c
                  __pa_15   0x00182a    program     static C:\MCC18\src\traditional\stdclib\vfprintf.c
                  __pa_16   0x001840    program     static C:\MCC18\src\traditional\stdclib\vfprintf.c
                  __pa_17   0x001852    program     static C:\MCC18\src\traditional\stdclib\vfprintf.c
                  __pa_18   0x001864    program     static C:\MCC18\src\traditional\stdclib\vfprintf.c
                  __pa_19   0x00186e    program     static C:\MCC18\src\traditional\stdclib\vfprintf.c
                   __pa_2   0x00171a    program     static C:\MCC18\src\traditional\stdclib\vfprintf.c
                  __pa_20   0x00187e    program     static C:\MCC18\src\traditional\stdclib\vfprintf.c
                  __pa_21   0x00188e    program     static C:\MCC18\src\traditional\stdclib\vfprintf.c
                  __pa_22   0x00189e    program     static C:\MCC18\src\traditional\stdclib\vfprintf.c
                  __pa_23   0x0018aa    program     static C:\MCC18\src\traditional\stdclib\vfprintf.c
                  __pa_24   0x0018b8    program     static C:\MCC18\src\traditional\stdclib\vfprintf.c
                  __pa_25   0x0018c0    program     static C:\MCC18\src\traditional\stdclib\vfprintf.c
                  __pa_26   0x0018ca    program     static C:\MCC18\src\traditional\stdclib\vfprintf.c
                  __pa_27   0x0018d4    program     static C:\MCC18\src\traditional\stdclib\vfprintf.c
                  __pa_28   0x0018dc    program     static C:\MCC18\src\traditional\stdclib\vfprintf.c
                  __pa_29   0x0018ea    program     static C:\MCC18\src\traditional\stdclib\vfprintf.c
                   __pa_3   0x001724    program     static C:\MCC18\src\traditional\stdclib\vfprintf.c
                  __pa_30   0x001906    program     static C:\MCC18\src\traditional\stdclib\vfprintf.c
                  __pa_31   0x001920    program     static C:\MCC18\src\traditional\stdclib\vfprintf.c
                  __pa_32   0x00193a    program     static C:\MCC18\src\traditional\stdclib\vfprintf.c
                  __pa_33   0x001952    program     static C:\MCC18\src\traditional\stdclib\vfprintf.c
                  __pa_34   0x00195c    program     static C:\MCC18\src\traditional\stdclib\vfprintf.c
                  __pa_35   0x00196a    program     static C:\MCC18\src\traditional\stdclib\vfprintf.c
                  __pa_36   0x001972    program     static C:\MCC18\src\traditional\stdclib\vfprintf.c
                  __pa_37   0x00197c    program     static C:\MCC18\src\traditional\stdclib\vfprintf.c
                  __pa_38   0x00198c    program     static C:\MCC18\src\traditional\stdclib\vfprintf.c
                  __pa_39   0x00199a    program     static C:\MCC18\src\traditional\stdclib\vfprintf.c
                   __pa_4   0x00173c    program     static C:\MCC18\src\traditional\stdclib\vfprintf.c
                  __pa_40   0x0019a6    program     static C:\MCC18\src\traditional\stdclib\vfprintf.c
                  __pa_41   0x0019b2    program     static C:\MCC18\src\traditional\stdclib\vfprintf.c
                  __pa_42   0x0019ba    program     static C:\MCC18\src\traditional\stdclib\vfprintf.c
                  __pa_43   0x0019c4    program     static C:\MCC18\src\traditional\stdclib\vfprintf.c
                  __pa_44   0x0019ca    program     static C:\MCC18\src\traditional\stdclib\vfprintf.c
                  __pa_45   0x0019d4    program     static C:\MCC18\src\traditional\stdclib\vfprintf.c
                  __pa_46   0x0019e0    program     static C:\MCC18\src\traditional\stdclib\vfprintf.c
                   __pa_5   0x001750    program     static C:\MCC18\src\traditional\stdclib\vfprintf.c
                   __pa_6   0x00176c    program     static C:\MCC18\src\traditional\stdclib\vfprintf.c
                   __pa_7   0x001776    program     static C:\MCC18\src\traditional\stdclib\vfprintf.c
                   __pa_8   0x001782    program     static C:\MCC18\src\traditional\stdclib\vfprintf.c
                   __pa_9   0x0017a4    program     static C:\MCC18\src\traditional\stdclib\vfprintf.c
               __string_0   0x002eed    program     static C:\Users\LIVEWIRE\Desktop\smec project\vechile\blink.c
               __string_1   0x002ee1    program     static C:\Users\LIVEWIRE\Desktop\smec project\vechile\blink.c
               __string_2   0x002ed4    program     static C:\Users\LIVEWIRE\Desktop\smec project\vechile\blink.c
               __string_3   0x002ec5    program     static C:\Users\LIVEWIRE\Desktop\smec project\vechile\blink.c
               __string_4   0x002eb9    program     static C:\Users\LIVEWIRE\Desktop\smec project\vechile\blink.c
               __string_5   0x002eaa    program     static C:\Users\LIVEWIRE\Desktop\smec project\vechile\blink.c
               __string_6   0x002ea2    program     static C:\Users\LIVEWIRE\Desktop\smec project\vechile\blink.c
               __string_7   0x002e95    program     static C:\Users\LIVEWIRE\Desktop\smec project\vechile\blink.c
               __string_8   0x002e83    program     static C:\Users\LIVEWIRE\Desktop\smec project\vechile\blink.c
               __string_9   0x002e78    program     static C:\Users\LIVEWIRE\Desktop\smec project\vechile\blink.c
              __tmplbl_42   0x00189e    program     static                          
              __tmplbl_43   0x0016e6    program     static                          
              __tmplbl_44   0x0016cc    program     static                          
              __tmplbl_85   0x000e1e    program     static                          
            __zero_memory   0x00301e    program     extern C:\MCC18\src\traditional\proc\p18F4520.asm
                _do_cinit   0x002c26    program     extern C:\MCC18\src\traditional\startup\c018i.c
                   _entry   0x000000    program     extern C:\MCC18\src\traditional\startup\c018i.c
                   _false   0x002fa8    program     static                          
                 _startup   0x00303e    program     extern C:\MCC18\src\traditional\startup\c018i.c
              _usart_putc   0x00305a    program     extern C:\MCC18\src\pmc_common\USART\_usartpc.asm
               _user_putc   0x00309e    program     extern C:\MCC18\src\traditional\stdclib\_user_putc.c
            alert_disable   0x00007e    program     extern C:\Users\LIVEWIRE\Desktop\smec project\vechile\blink.c
             alert_enable   0x00002c    program     extern C:\Users\LIVEWIRE\Desktop\smec project\vechile\blink.c
                compare_l   0x003034    program     static C:\MCC18\src\traditional\proc\p18F4520.asm
                copy_loop   0x002c98    program     static                          
            copy_one_byte   0x002c9e    program     static                          
                    delay   0x001aa6    program     extern C:\Users\LIVEWIRE\Desktop\smec project\vechile\LCD.c
              delay_100us   0x001a60    program     extern C:\Users\LIVEWIRE\Desktop\smec project\vechile\LCD.c
                delay_loc   0x0019ea    program     extern C:\Users\LIVEWIRE\Desktop\smec project\vechile\LCD.c
              display_row   0x001bdc    program     extern C:\Users\LIVEWIRE\Desktop\smec project\vechile\LCD.c
          display_row_var   0x001d20    program     extern C:\Users\LIVEWIRE\Desktop\smec project\vechile\LCD.c
                     done   0x002cc2    program     static                          
             done_copying   0x002cac    program     static                          
                  endloop   0x002fd4    program     static                          
                  getchar   0x002500    program     extern C:\Users\LIVEWIRE\Desktop\smec project\vechile\USART.c
                inttochar   0x001dc4    program     extern C:\Users\LIVEWIRE\Desktop\smec project\vechile\LCD.c
                  isdigit   0x002fda    program     extern C:\MCC18\src\traditional\stdclib\isdigit.asm
                 jANotInf   0x0029ca    program     static C:\MCC18\src\traditional\math\divFP.asm
                jANotZero   0x0029de    program     static C:\MCC18\src\traditional\math\divFP.asm
                     jEnd   0x002d48    program     static C:\MCC18\src\traditional\stdclib\slenpgm.asm
                     jEnd   0x002cf4    program     static C:\MCC18\src\traditional\stdclib\scpyp2r.asm
                     jEnd   0x002d10    program     static C:\MCC18\src\traditional\stdclib\strlen.asm
                    jExit   0x002abe    program     static C:\MCC18\src\traditional\math\castFP32.asm
                jI2F32Beg   0x002992    program     static C:\MCC18\src\traditional\math\cast32FP.asm
                    jLoop   0x002a92    program     static C:\MCC18\src\traditional\math\castFP32.asm
                    jLoop   0x002cea    program     static C:\MCC18\src\traditional\stdclib\scpyp2r.asm
                    jLoop   0x002d30    program     static C:\MCC18\src\traditional\stdclib\slenpgm.asm
                    jLoop   0x002a06    program     static C:\MCC18\src\traditional\math\divFP.asm
                    jLoop   0x002d06    program     static C:\MCC18\src\traditional\stdclib\strlen.asm
                jLoopExit   0x002aa6    program     static C:\MCC18\src\traditional\math\castFP32.asm
                   jMatch   0x002ffa    program     static C:\MCC18\src\traditional\stdclib\isdigit.asm
                     jMax   0x002a62    program     static C:\MCC18\src\traditional\math\castFP32.asm
                  jMaxNeg   0x002a74    program     static C:\MCC18\src\traditional\math\castFP32.asm
                  jMaxPos   0x002a66    program     static C:\MCC18\src\traditional\math\castFP32.asm
                    jNext   0x002a2c    program     static C:\MCC18\src\traditional\math\divFP.asm
                jNoAdjust   0x002a2a    program     static C:\MCC18\src\traditional\math\divFP.asm
                 jNoMatch   0x002ffc    program     static C:\MCC18\src\traditional\stdclib\isdigit.asm
                  jNotInf   0x002a80    program     static C:\MCC18\src\traditional\math\castFP32.asm
                  jPkLoop   0x002b06    program     static C:\MCC18\src\traditional\math\packFP.asm
             jPkRoundDone   0x002b50    program     static C:\MCC18\src\traditional\math\packFP.asm
               jPkRoundIt   0x002b38    program     static C:\MCC18\src\traditional\math\packFP.asm
             jPkShiftDone   0x002b22    program     static C:\MCC18\src\traditional\math\packFP.asm
           jReturnPosInf0   0x002adc    program     static C:\MCC18\src\traditional\math\packFP.asm
              jSignedZero   0x0029d4    program     static C:\MCC18\src\traditional\math\divFP.asm
                  jUnpkA1   0x002b7a    program     static C:\MCC18\src\traditional\math\UnpackFP.asm
                  jUnpkA2   0x002b92    program     static C:\MCC18\src\traditional\math\UnpackFP.asm
                 jUnpkANZ   0x002b88    program     static C:\MCC18\src\traditional\math\UnpackFP.asm
                  jUnpkB1   0x002baa    program     static C:\MCC18\src\traditional\math\UnpackFP.asm
                  jUnpkB2   0x002bc2    program     static C:\MCC18\src\traditional\math\UnpackFP.asm
                 jUnpkBNZ   0x002bb8    program     static C:\MCC18\src\traditional\math\UnpackFP.asm
                 jUnpkNaN   0x002b9c    program     static C:\MCC18\src\traditional\math\UnpackFP.asm
                   jWr123   0x002a6c    program     static C:\MCC18\src\traditional\math\castFP32.asm
                  jWrZ123   0x002a7c    program     static C:\MCC18\src\traditional\math\castFP32.asm
                    jZero   0x002a7a    program     static C:\MCC18\src\traditional\math\castFP32.asm
               jZero1and2   0x002ae0    program     static C:\MCC18\src\traditional\math\packFP.asm
                  lcd_cmd   0x001b32    program     extern C:\Users\LIVEWIRE\Desktop\smec project\vechile\LCD.c
                 lcd_cmd1   0x001aee    program     extern C:\Users\LIVEWIRE\Desktop\smec project\vechile\LCD.c
                  lcd_dat   0x001b5a    program     extern C:\Users\LIVEWIRE\Desktop\smec project\vechile\LCD.c
                 lcd_dat1   0x001b0e    program     extern C:\Users\LIVEWIRE\Desktop\smec project\vechile\LCD.c
                     loop   0x00306a    program     static C:\MCC18\src\pmc_common\USART\_usartpc.asm
                     loop   0x00304e    program     static                          
                     loop   0x002fb8    program     static                          
                     loop   0x002f74    program     static                          
                   loop_h   0x00302c    program     static C:\MCC18\src\traditional\proc\p18F4520.asm
                   loop_l   0x003036    program     static C:\MCC18\src\traditional\proc\p18F4520.asm
                     main   0x0009de    program     extern C:\Users\LIVEWIRE\Desktop\smec project\vechile\blink.c
                      nop   0x001aec    program     extern C:\Users\LIVEWIRE\Desktop\smec project\vechile\LCD.c
                   normal   0x00022e    program     extern C:\Users\LIVEWIRE\Desktop\smec project\vechile\blink.c
           only_4_per_row   0x00224c    program     extern C:\Users\LIVEWIRE\Desktop\smec project\vechile\LCD.c
             print_ticket   0x001dee    program     extern C:\Users\LIVEWIRE\Desktop\smec project\vechile\LCD.c
                   printf   0x002d5c    program     extern C:\MCC18\src\traditional\stdclib\printf.c
                     putc   0x002df4    program     extern C:\MCC18\src\traditional\stdclib\putc.c
                 s_digits   0x00308c    program     static C:\MCC18\src\traditional\stdclib\vfprintf.c
            s_put_n_chars   0x000dc8    program     static C:\MCC18\src\traditional\stdclib\vfprintf.c
              serial_comm   0x002540    program     extern C:\Users\LIVEWIRE\Desktop\smec project\vechile\USART.c
                     sqrt   0x000084    program     extern C:\Users\LIVEWIRE\Desktop\smec project\vechile\blink.c
            strcpypgm2ram   0x002cc4    program     extern C:\MCC18\src\traditional\stdclib\scpyp2r.asm
                   strlen   0x002cf6    program     extern C:\MCC18\src\traditional\stdclib\strlen.asm
                strlenpgm   0x002d12    program     extern C:\MCC18\src\traditional\stdclib\slenpgm.asm
                     test   0x002c40    program     static                          
               timer_init   0x0002e0    program     extern C:\Users\LIVEWIRE\Desktop\smec project\vechile\blink.c
             transmit_fxn   0x002520    program     extern C:\Users\LIVEWIRE\Desktop\smec project\vechile\USART.c
                u_sensor1   0x0002ea    program     extern C:\Users\LIVEWIRE\Desktop\smec project\vechile\blink.c
                u_sensor2   0x000664    program     extern C:\Users\LIVEWIRE\Desktop\smec project\vechile\blink.c
                 vfprintf   0x000df4    program     extern C:\MCC18\src\traditional\stdclib\vfprintf.c
               zero_block   0x00302c    program     static C:\MCC18\src\traditional\proc\p18F4520.asm
                   ADCON0   0x000fc2       data     extern C:\MCC18\src\traditional\proc\p18F4520.asm
               ADCON0bits   0x000fc2       data     extern C:\MCC18\src\traditional\proc\p18F4520.asm
                   ADCON1   0x000fc1       data     extern C:\MCC18\src\traditional\proc\p18F4520.asm
               ADCON1bits   0x000fc1       data     extern C:\MCC18\src\traditional\proc\p18F4520.asm
                   ADCON2   0x000fc0       data     extern C:\MCC18\src\traditional\proc\p18F4520.asm
               ADCON2bits   0x000fc0       data     extern C:\MCC18\src\traditional\proc\p18F4520.asm
                    ADRES   0x000fc3       data     extern C:\MCC18\src\traditional\proc\p18F4520.asm
                   ADRESH   0x000fc4       data     extern C:\MCC18\src\traditional\proc\p18F4520.asm
                   ADRESL   0x000fc3       data     extern C:\MCC18\src\traditional\proc\p18F4520.asm
                  BAUDCON   0x000fb8       data     extern C:\MCC18\src\traditional\proc\p18F4520.asm
              BAUDCONbits   0x000fb8       data     extern C:\MCC18\src\traditional\proc\p18F4520.asm
                  BAUDCTL   0x000fb8       data     extern C:\MCC18\src\traditional\proc\p18F4520.asm
              BAUDCTLbits   0x000fb8       data     extern C:\MCC18\src\traditional\proc\p18F4520.asm
                      BSR   0x000fe0       data     extern C:\MCC18\src\traditional\proc\p18F4520.asm
                  CCP1CON   0x000fbd       data     extern C:\MCC18\src\traditional\proc\p18F4520.asm
              CCP1CONbits   0x000fbd       data     extern C:\MCC18\src\traditional\proc\p18F4520.asm
                  CCP2CON   0x000fba       data     extern C:\MCC18\src\traditional\proc\p18F4520.asm
              CCP2CONbits   0x000fba       data     extern C:\MCC18\src\traditional\proc\p18F4520.asm
                    CCPR1   0x000fbe       data     extern C:\MCC18\src\traditional\proc\p18F4520.asm
                   CCPR1H   0x000fbf       data     extern C:\MCC18\src\traditional\proc\p18F4520.asm
                   CCPR1L   0x000fbe       data     extern C:\MCC18\src\traditional\proc\p18F4520.asm
                    CCPR2   0x000fbb       data     extern C:\MCC18\src\traditional\proc\p18F4520.asm
                   CCPR2H   0x000fbc       data     extern C:\MCC18\src\traditional\proc\p18F4520.asm
                   CCPR2L   0x000fbb       data     extern C:\MCC18\src\traditional\proc\p18F4520.asm
                    CMCON   0x000fb4       data     extern C:\MCC18\src\traditional\proc\p18F4520.asm
                CMCONbits   0x000fb4       data     extern C:\MCC18\src\traditional\proc\p18F4520.asm
                   CVRCON   0x000fb5       data     extern C:\MCC18\src\traditional\proc\p18F4520.asm
               CVRCONbits   0x000fb5       data     extern C:\MCC18\src\traditional\proc\p18F4520.asm
                     DDRA   0x000f92       data     extern C:\MCC18\src\traditional\proc\p18F4520.asm
                 DDRAbits   0x000f92       data     extern C:\MCC18\src\traditional\proc\p18F4520.asm
                     DDRB   0x000f93       data     extern C:\MCC18\src\traditional\proc\p18F4520.asm
                 DDRBbits   0x000f93       data     extern C:\MCC18\src\traditional\proc\p18F4520.asm
                     DDRC   0x000f94       data     extern C:\MCC18\src\traditional\proc\p18F4520.asm
                 DDRCbits   0x000f94       data     extern C:\MCC18\src\traditional\proc\p18F4520.asm
                     DDRD   0x000f95       data     extern C:\MCC18\src\traditional\proc\p18F4520.asm
                 DDRDbits   0x000f95       data     extern C:\MCC18\src\traditional\proc\p18F4520.asm
                     DDRE   0x000f96       data     extern C:\MCC18\src\traditional\proc\p18F4520.asm
                 DDREbits   0x000f96       data     extern C:\MCC18\src\traditional\proc\p18F4520.asm
            DelayCounter1   0x00001e       data     extern C:\MCC18\src\traditional\delays\delayd1.asm
                  ECCP1AS   0x000fb6       data     extern C:\MCC18\src\traditional\proc\p18F4520.asm
              ECCP1ASbits   0x000fb6       data     extern C:\MCC18\src\traditional\proc\p18F4520.asm
                    EEADR   0x000fa9       data     extern C:\MCC18\src\traditional\proc\p18F4520.asm
                   EECON1   0x000fa6       data     extern C:\MCC18\src\traditional\proc\p18F4520.asm
               EECON1bits   0x000fa6       data     extern C:\MCC18\src\traditional\proc\p18F4520.asm
                   EECON2   0x000fa7       data     extern C:\MCC18\src\traditional\proc\p18F4520.asm
                   EEDATA   0x000fa8       data     extern C:\MCC18\src\traditional\proc\p18F4520.asm
                     FSR0   0x000fe9       data     extern C:\MCC18\src\traditional\proc\p18F4520.asm
                    FSR0H   0x000fea       data     extern C:\MCC18\src\traditional\proc\p18F4520.asm
                    FSR0L   0x000fe9       data     extern C:\MCC18\src\traditional\proc\p18F4520.asm
                     FSR1   0x000fe1       data     extern C:\MCC18\src\traditional\proc\p18F4520.asm
                    FSR1H   0x000fe2       data     extern C:\MCC18\src\traditional\proc\p18F4520.asm
                    FSR1L   0x000fe1       data     extern C:\MCC18\src\traditional\proc\p18F4520.asm
                     FSR2   0x000fd9       data     extern C:\MCC18\src\traditional\proc\p18F4520.asm
                    FSR2H   0x000fda       data     extern C:\MCC18\src\traditional\proc\p18F4520.asm
                    FSR2L   0x000fd9       data     extern C:\MCC18\src\traditional\proc\p18F4520.asm
                  HLVDCON   0x000fd2       data     extern C:\MCC18\src\traditional\proc\p18F4520.asm
              HLVDCONbits   0x000fd2       data     extern C:\MCC18\src\traditional\proc\p18F4520.asm
                    INDF0   0x000fef       data     extern C:\MCC18\src\traditional\proc\p18F4520.asm
                    INDF1   0x000fe7       data     extern C:\MCC18\src\traditional\proc\p18F4520.asm
                    INDF2   0x000fdf       data     extern C:\MCC18\src\traditional\proc\p18F4520.asm
                   INTCON   0x000ff2       data     extern C:\MCC18\src\traditional\proc\p18F4520.asm
                  INTCON2   0x000ff1       data     extern C:\MCC18\src\traditional\proc\p18F4520.asm
              INTCON2bits   0x000ff1       data     extern C:\MCC18\src\traditional\proc\p18F4520.asm
                  INTCON3   0x000ff0       data     extern C:\MCC18\src\traditional\proc\p18F4520.asm
              INTCON3bits   0x000ff0       data     extern C:\MCC18\src\traditional\proc\p18F4520.asm
               INTCONbits   0x000ff2       data     extern C:\MCC18\src\traditional\proc\p18F4520.asm
                     IPR1   0x000f9f       data     extern C:\MCC18\src\traditional\proc\p18F4520.asm
                 IPR1bits   0x000f9f       data     extern C:\MCC18\src\traditional\proc\p18F4520.asm
                     IPR2   0x000fa2       data     extern C:\MCC18\src\traditional\proc\p18F4520.asm
                 IPR2bits   0x000fa2       data     extern C:\MCC18\src\traditional\proc\p18F4520.asm
                     LATA   0x000f89       data     extern C:\MCC18\src\traditional\proc\p18F4520.asm
                 LATAbits   0x000f89       data     extern C:\MCC18\src\traditional\proc\p18F4520.asm
                     LATB   0x000f8a       data     extern C:\MCC18\src\traditional\proc\p18F4520.asm
                 LATBbits   0x000f8a       data     extern C:\MCC18\src\traditional\proc\p18F4520.asm
                     LATC   0x000f8b       data     extern C:\MCC18\src\traditional\proc\p18F4520.asm
                 LATCbits   0x000f8b       data     extern C:\MCC18\src\traditional\proc\p18F4520.asm
                     LATD   0x000f8c       data     extern C:\MCC18\src\traditional\proc\p18F4520.asm
                 LATDbits   0x000f8c       data     extern C:\MCC18\src\traditional\proc\p18F4520.asm
                     LATE   0x000f8d       data     extern C:\MCC18\src\traditional\proc\p18F4520.asm
                 LATEbits   0x000f8d       data     extern C:\MCC18\src\traditional\proc\p18F4520.asm
                  LCDText   0x000080       data     extern C:\Users\LIVEWIRE\Desktop\smec project\vechile\LCD.c
                   LVDCON   0x000fd2       data     extern C:\MCC18\src\traditional\proc\p18F4520.asm
               LVDCONbits   0x000fd2       data     extern C:\MCC18\src\traditional\proc\p18F4520.asm
                   OSCCON   0x000fd3       data     extern C:\MCC18\src\traditional\proc\p18F4520.asm
               OSCCONbits   0x000fd3       data     extern C:\MCC18\src\traditional\proc\p18F4520.asm
                  OSCTUNE   0x000f9b       data     extern C:\MCC18\src\traditional\proc\p18F4520.asm
              OSCTUNEbits   0x000f9b       data     extern C:\MCC18\src\traditional\proc\p18F4520.asm
                       PC   0x000ff9       data     extern C:\MCC18\src\traditional\proc\p18F4520.asm
                      PCL   0x000ff9       data     extern C:\MCC18\src\traditional\proc\p18F4520.asm
                   PCLATH   0x000ffa       data     extern C:\MCC18\src\traditional\proc\p18F4520.asm
                   PCLATU   0x000ffb       data     extern C:\MCC18\src\traditional\proc\p18F4520.asm
                     PIE1   0x000f9d       data     extern C:\MCC18\src\traditional\proc\p18F4520.asm
                 PIE1bits   0x000f9d       data     extern C:\MCC18\src\traditional\proc\p18F4520.asm
                     PIE2   0x000fa0       data     extern C:\MCC18\src\traditional\proc\p18F4520.asm
                 PIE2bits   0x000fa0       data     extern C:\MCC18\src\traditional\proc\p18F4520.asm
                     PIR1   0x000f9e       data     extern C:\MCC18\src\traditional\proc\p18F4520.asm
                 PIR1bits   0x000f9e       data     extern C:\MCC18\src\traditional\proc\p18F4520.asm
                     PIR2   0x000fa1       data     extern C:\MCC18\src\traditional\proc\p18F4520.asm
                 PIR2bits   0x000fa1       data     extern C:\MCC18\src\traditional\proc\p18F4520.asm
                   PLUSW0   0x000feb       data     extern C:\MCC18\src\traditional\proc\p18F4520.asm
                   PLUSW1   0x000fe3       data     extern C:\MCC18\src\traditional\proc\p18F4520.asm
                   PLUSW2   0x000fdb       data     extern C:\MCC18\src\traditional\proc\p18F4520.asm
                    PORTA   0x000f80       data     extern C:\MCC18\src\traditional\proc\p18F4520.asm
                PORTAbits   0x000f80       data     extern C:\MCC18\src\traditional\proc\p18F4520.asm
                    PORTB   0x000f81       data     extern C:\MCC18\src\traditional\proc\p18F4520.asm
                PORTBbits   0x000f81       data     extern C:\MCC18\src\traditional\proc\p18F4520.asm
                    PORTC   0x000f82       data     extern C:\MCC18\src\traditional\proc\p18F4520.asm
                PORTCbits   0x000f82       data     extern C:\MCC18\src\traditional\proc\p18F4520.asm
                    PORTD   0x000f83       data     extern C:\MCC18\src\traditional\proc\p18F4520.asm
                PORTDbits   0x000f83       data     extern C:\MCC18\src\traditional\proc\p18F4520.asm
                    PORTE   0x000f84       data     extern C:\MCC18\src\traditional\proc\p18F4520.asm
                PORTEbits   0x000f84       data     extern C:\MCC18\src\traditional\proc\p18F4520.asm
                 POSTDEC0   0x000fed       data     extern C:\MCC18\src\traditional\proc\p18F4520.asm
                 POSTDEC1   0x000fe5       data     extern C:\MCC18\src\traditional\proc\p18F4520.asm
                 POSTDEC2   0x000fdd       data     extern C:\MCC18\src\traditional\proc\p18F4520.asm
                 POSTINC0   0x000fee       data     extern C:\MCC18\src\traditional\proc\p18F4520.asm
                 POSTINC1   0x000fe6       data     extern C:\MCC18\src\traditional\proc\p18F4520.asm
                 POSTINC2   0x000fde       data     extern C:\MCC18\src\traditional\proc\p18F4520.asm
                      PR2   0x000fcb       data     extern C:\MCC18\src\traditional\proc\p18F4520.asm
                  PREINC0   0x000fec       data     extern C:\MCC18\src\traditional\proc\p18F4520.asm
                  PREINC1   0x000fe4       data     extern C:\MCC18\src\traditional\proc\p18F4520.asm
                  PREINC2   0x000fdc       data     extern C:\MCC18\src\traditional\proc\p18F4520.asm
                     PROD   0x000ff3       data     extern C:\MCC18\src\traditional\proc\p18F4520.asm
                    PRODH   0x000ff4       data     extern C:\MCC18\src\traditional\proc\p18F4520.asm
                    PRODL   0x000ff3       data     extern C:\MCC18\src\traditional\proc\p18F4520.asm
                  PWM1CON   0x000fb7       data     extern C:\MCC18\src\traditional\proc\p18F4520.asm
              PWM1CONbits   0x000fb7       data     extern C:\MCC18\src\traditional\proc\p18F4520.asm
                     RCON   0x000fd0       data     extern C:\MCC18\src\traditional\proc\p18F4520.asm
                 RCONbits   0x000fd0       data     extern C:\MCC18\src\traditional\proc\p18F4520.asm
                    RCREG   0x000fae       data     extern C:\MCC18\src\traditional\proc\p18F4520.asm
                    RCSTA   0x000fab       data     extern C:\MCC18\src\traditional\proc\p18F4520.asm
                RCSTAbits   0x000fab       data     extern C:\MCC18\src\traditional\proc\p18F4520.asm
                     SIGN   0x00000e       data     extern C:\MCC18\src\traditional\math\cmath18.asm
                    SPBRG   0x000faf       data     extern C:\MCC18\src\traditional\proc\p18F4520.asm
                   SPBRGH   0x000fb0       data     extern C:\MCC18\src\traditional\proc\p18F4520.asm
                   SSPADD   0x000fc8       data     extern C:\MCC18\src\traditional\proc\p18F4520.asm
                   SSPBUF   0x000fc9       data     extern C:\MCC18\src\traditional\proc\p18F4520.asm
                  SSPCON1   0x000fc6       data     extern C:\MCC18\src\traditional\proc\p18F4520.asm
              SSPCON1bits   0x000fc6       data     extern C:\MCC18\src\traditional\proc\p18F4520.asm
                  SSPCON2   0x000fc5       data     extern C:\MCC18\src\traditional\proc\p18F4520.asm
              SSPCON2bits   0x000fc5       data     extern C:\MCC18\src\traditional\proc\p18F4520.asm
                  SSPSTAT   0x000fc7       data     extern C:\MCC18\src\traditional\proc\p18F4520.asm
              SSPSTATbits   0x000fc7       data     extern C:\MCC18\src\traditional\proc\p18F4520.asm
                   STATUS   0x000fd8       data     extern C:\MCC18\src\traditional\proc\p18F4520.asm
               STATUSbits   0x000fd8       data     extern C:\MCC18\src\traditional\proc\p18F4520.asm
                   STKPTR   0x000ffc       data     extern C:\MCC18\src\traditional\proc\p18F4520.asm
               STKPTRbits   0x000ffc       data     extern C:\MCC18\src\traditional\proc\p18F4520.asm
                    T0CON   0x000fd5       data     extern C:\MCC18\src\traditional\proc\p18F4520.asm
                T0CONbits   0x000fd5       data     extern C:\MCC18\src\traditional\proc\p18F4520.asm
                    T1CON   0x000fcd       data     extern C:\MCC18\src\traditional\proc\p18F4520.asm
                T1CONbits   0x000fcd       data     extern C:\MCC18\src\traditional\proc\p18F4520.asm
                    T2CON   0x000fca       data     extern C:\MCC18\src\traditional\proc\p18F4520.asm
                T2CONbits   0x000fca       data     extern C:\MCC18\src\traditional\proc\p18F4520.asm
                    T3CON   0x000fb1       data     extern C:\MCC18\src\traditional\proc\p18F4520.asm
                T3CONbits   0x000fb1       data     extern C:\MCC18\src\traditional\proc\p18F4520.asm
                   TABLAT   0x000ff5       data     extern C:\MCC18\src\traditional\proc\p18F4520.asm
                   TBLPTR   0x000ff6       data     extern C:\MCC18\src\traditional\proc\p18F4520.asm
                  TBLPTRH   0x000ff7       data     extern C:\MCC18\src\traditional\proc\p18F4520.asm
                  TBLPTRL   0x000ff6       data     extern C:\MCC18\src\traditional\proc\p18F4520.asm
                  TBLPTRU   0x000ff8       data     extern C:\MCC18\src\traditional\proc\p18F4520.asm
                    TMR0H   0x000fd7       data     extern C:\MCC18\src\traditional\proc\p18F4520.asm
                    TMR0L   0x000fd6       data     extern C:\MCC18\src\traditional\proc\p18F4520.asm
                    TMR1H   0x000fcf       data     extern C:\MCC18\src\traditional\proc\p18F4520.asm
                    TMR1L   0x000fce       data     extern C:\MCC18\src\traditional\proc\p18F4520.asm
                     TMR2   0x000fcc       data     extern C:\MCC18\src\traditional\proc\p18F4520.asm
                    TMR3H   0x000fb3       data     extern C:\MCC18\src\traditional\proc\p18F4520.asm
                    TMR3L   0x000fb2       data     extern C:\MCC18\src\traditional\proc\p18F4520.asm
                      TOS   0x000ffd       data     extern C:\MCC18\src\traditional\proc\p18F4520.asm
                     TOSH   0x000ffe       data     extern C:\MCC18\src\traditional\proc\p18F4520.asm
                     TOSL   0x000ffd       data     extern C:\MCC18\src\traditional\proc\p18F4520.asm
                     TOSU   0x000fff       data     extern C:\MCC18\src\traditional\proc\p18F4520.asm
                    TRISA   0x000f92       data     extern C:\MCC18\src\traditional\proc\p18F4520.asm
                TRISAbits   0x000f92       data     extern C:\MCC18\src\traditional\proc\p18F4520.asm
                    TRISB   0x000f93       data     extern C:\MCC18\src\traditional\proc\p18F4520.asm
                TRISBbits   0x000f93       data     extern C:\MCC18\src\traditional\proc\p18F4520.asm
                    TRISC   0x000f94       data     extern C:\MCC18\src\traditional\proc\p18F4520.asm
                TRISCbits   0x000f94       data     extern C:\MCC18\src\traditional\proc\p18F4520.asm
                    TRISD   0x000f95       data     extern C:\MCC18\src\traditional\proc\p18F4520.asm
                TRISDbits   0x000f95       data     extern C:\MCC18\src\traditional\proc\p18F4520.asm
                    TRISE   0x000f96       data     extern C:\MCC18\src\traditional\proc\p18F4520.asm
                TRISEbits   0x000f96       data     extern C:\MCC18\src\traditional\proc\p18F4520.asm
                    TXREG   0x000fad       data     extern C:\MCC18\src\traditional\proc\p18F4520.asm
                    TXSTA   0x000fac       data     extern C:\MCC18\src\traditional\proc\p18F4520.asm
                TXSTAbits   0x000fac       data     extern C:\MCC18\src\traditional\proc\p18F4520.asm
                        W   0x000fe8       data     extern C:\MCC18\src\traditional\proc\p18F4520.asm
                   WDTCON   0x000fd1       data     extern C:\MCC18\src\traditional\proc\p18F4520.asm
               WDTCONbits   0x000fd1       data     extern C:\MCC18\src\traditional\proc\p18F4520.asm
                     WREG   0x000fe8       data     extern C:\MCC18\src\traditional\proc\p18F4520.asm
                 __AARGB0   0x000007       data     extern C:\MCC18\src\traditional\math\aarg.asm
                 __AARGB1   0x000006       data     extern C:\MCC18\src\traditional\math\aarg.asm
                 __AARGB2   0x000005       data     extern C:\MCC18\src\traditional\math\aarg.asm
                 __AARGB3   0x000004       data     extern C:\MCC18\src\traditional\math\aarg.asm
                 __AARGB4   0x000003       data     extern C:\MCC18\src\traditional\math\aarg.asm
                 __AARGB5   0x000002       data     extern C:\MCC18\src\traditional\math\aarg.asm
                 __AARGB6   0x000001       data     extern C:\MCC18\src\traditional\math\aarg.asm
                 __AARGB7   0x000000       data     extern C:\MCC18\src\traditional\math\aarg.asm
                   __AEXP   0x000008       data     extern C:\MCC18\src\traditional\math\aarg.asm
                 __BARGB0   0x00000c       data     extern C:\MCC18\src\traditional\math\barg.asm
                 __BARGB1   0x00000b       data     extern C:\MCC18\src\traditional\math\barg.asm
                 __BARGB2   0x00000a       data     extern C:\MCC18\src\traditional\math\barg.asm
                 __BARGB3   0x000009       data     extern C:\MCC18\src\traditional\math\barg.asm
                   __BEXP   0x00000d       data     extern C:\MCC18\src\traditional\math\barg.asm
                __FPFLAGS   0x00000f       data     extern C:\MCC18\src\traditional\math\cmath18.asm
            __FPFLAGSbits   0x00000f       data     extern C:\MCC18\src\traditional\math\cmath18.asm
                  __REMB0   0x000003       data     extern C:\MCC18\src\traditional\math\aarg.asm
                  __REMB1   0x000002       data     extern C:\MCC18\src\traditional\math\aarg.asm
                  __REMB2   0x000001       data     extern C:\MCC18\src\traditional\math\aarg.asm
                  __REMB3   0x000000       data     extern C:\MCC18\src\traditional\math\aarg.asm
                   __TEMP   0x000013       data     extern C:\MCC18\src\traditional\math\temparg.asm
                 __TEMPB0   0x000013       data     extern C:\MCC18\src\traditional\math\temparg.asm
                 __TEMPB1   0x000012       data     extern C:\MCC18\src\traditional\math\temparg.asm
                 __TEMPB2   0x000011       data     extern C:\MCC18\src\traditional\math\temparg.asm
                 __TEMPB3   0x000010       data     extern C:\MCC18\src\traditional\math\temparg.asm
                  __tmp_0   0x000014       data     static C:\MCC18\src\traditional\stdclib\vfprintf.c
                  __tmp_0   0x000014       data     static C:\MCC18\src\traditional\stdclib\printf.c
                  __tmp_0   0x000014       data     static C:\MCC18\src\traditional\stdclib\putc.c
                  __tmp_0   0x000014       data     static C:\Users\LIVEWIRE\Desktop\smec project\vechile\USART.c
                  __tmp_0   0x000014       data     static C:\Users\LIVEWIRE\Desktop\smec project\vechile\LCD.c
                  __tmp_0   0x000014       data     static C:\Users\LIVEWIRE\Desktop\smec project\vechile\blink.c
                  bus_reg   0x0000ab       data     extern C:\Users\LIVEWIRE\Desktop\smec project\vechile\USART.c
                curr_byte   0x0000a4       data     static C:\MCC18\src\traditional\startup\c018i.c
               curr_entry   0x0000a6       data     static C:\MCC18\src\traditional\startup\c018i.c
                 data_ptr   0x0000a8       data     static C:\MCC18\src\traditional\startup\c018i.c
                  pothole   0x0000b5       data     extern C:\Users\LIVEWIRE\Desktop\smec project\vechile\blink.c
                     prom   0x0000a1       data     static C:\MCC18\src\traditional\startup\c018i.c
            speed_breaker   0x0000b7       data     extern C:\Users\LIVEWIRE\Desktop\smec project\vechile\blink.c
                   stdout   0x0000b9       data     extern C:\MCC18\src\traditional\stdclib\stdout.c



                              Symbols - Sorted by Address
                     Name    Address   Location    Storage File                     
                ---------  ---------  ---------  --------- ---------                
                   _entry   0x000000    program     extern C:\MCC18\src\traditional\startup\c018i.c
       ___return_lbl00000   0x000004    program     static                          
             alert_enable   0x00002c    program     extern C:\Users\LIVEWIRE\Desktop\smec project\vechile\blink.c
            alert_disable   0x00007e    program     extern C:\Users\LIVEWIRE\Desktop\smec project\vechile\blink.c
                     sqrt   0x000084    program     extern C:\Users\LIVEWIRE\Desktop\smec project\vechile\blink.c
                   normal   0x00022e    program     extern C:\Users\LIVEWIRE\Desktop\smec project\vechile\blink.c
               timer_init   0x0002e0    program     extern C:\Users\LIVEWIRE\Desktop\smec project\vechile\blink.c
                u_sensor1   0x0002ea    program     extern C:\Users\LIVEWIRE\Desktop\smec project\vechile\blink.c
                u_sensor2   0x000664    program     extern C:\Users\LIVEWIRE\Desktop\smec project\vechile\blink.c
                     main   0x0009de    program     extern C:\Users\LIVEWIRE\Desktop\smec project\vechile\blink.c
            s_put_n_chars   0x000dc8    program     static C:\MCC18\src\traditional\stdclib\vfprintf.c
                 vfprintf   0x000df4    program     extern C:\MCC18\src\traditional\stdclib\vfprintf.c
              __tmplbl_85   0x000e1e    program     static                          
              __tmplbl_44   0x0016cc    program     static                          
              __tmplbl_43   0x0016e6    program     static                          
                   __pa_0   0x001708    program     static C:\MCC18\src\traditional\stdclib\vfprintf.c
                   __pa_1   0x001710    program     static C:\MCC18\src\traditional\stdclib\vfprintf.c
                   __pa_2   0x00171a    program     static C:\MCC18\src\traditional\stdclib\vfprintf.c
                   __pa_3   0x001724    program     static C:\MCC18\src\traditional\stdclib\vfprintf.c
                   __pa_4   0x00173c    program     static C:\MCC18\src\traditional\stdclib\vfprintf.c
                   __pa_5   0x001750    program     static C:\MCC18\src\traditional\stdclib\vfprintf.c
                   __pa_6   0x00176c    program     static C:\MCC18\src\traditional\stdclib\vfprintf.c
                   __pa_7   0x001776    program     static C:\MCC18\src\traditional\stdclib\vfprintf.c
                   __pa_8   0x001782    program     static C:\MCC18\src\traditional\stdclib\vfprintf.c
                   __pa_9   0x0017a4    program     static C:\MCC18\src\traditional\stdclib\vfprintf.c
                  __pa_10   0x0017c4    program     static C:\MCC18\src\traditional\stdclib\vfprintf.c
                  __pa_11   0x0017d2    program     static C:\MCC18\src\traditional\stdclib\vfprintf.c
                  __pa_12   0x0017e8    program     static C:\MCC18\src\traditional\stdclib\vfprintf.c
                  __pa_13   0x001802    program     static C:\MCC18\src\traditional\stdclib\vfprintf.c
                  __pa_14   0x00181a    program     static C:\MCC18\src\traditional\stdclib\vfprintf.c
                  __pa_15   0x00182a    program     static C:\MCC18\src\traditional\stdclib\vfprintf.c
                  __pa_16   0x001840    program     static C:\MCC18\src\traditional\stdclib\vfprintf.c
                  __pa_17   0x001852    program     static C:\MCC18\src\traditional\stdclib\vfprintf.c
                  __pa_18   0x001864    program     static C:\MCC18\src\traditional\stdclib\vfprintf.c
                  __pa_19   0x00186e    program     static C:\MCC18\src\traditional\stdclib\vfprintf.c
                  __pa_20   0x00187e    program     static C:\MCC18\src\traditional\stdclib\vfprintf.c
                  __pa_21   0x00188e    program     static C:\MCC18\src\traditional\stdclib\vfprintf.c
                  __pa_22   0x00189e    program     static C:\MCC18\src\traditional\stdclib\vfprintf.c
              __tmplbl_42   0x00189e    program     static                          
                  __pa_23   0x0018aa    program     static C:\MCC18\src\traditional\stdclib\vfprintf.c
                  __pa_24   0x0018b8    program     static C:\MCC18\src\traditional\stdclib\vfprintf.c
                  __pa_25   0x0018c0    program     static C:\MCC18\src\traditional\stdclib\vfprintf.c
                  __pa_26   0x0018ca    program     static C:\MCC18\src\traditional\stdclib\vfprintf.c
                  __pa_27   0x0018d4    program     static C:\MCC18\src\traditional\stdclib\vfprintf.c
                  __pa_28   0x0018dc    program     static C:\MCC18\src\traditional\stdclib\vfprintf.c
                  __pa_29   0x0018ea    program     static C:\MCC18\src\traditional\stdclib\vfprintf.c
                  __pa_30   0x001906    program     static C:\MCC18\src\traditional\stdclib\vfprintf.c
                  __pa_31   0x001920    program     static C:\MCC18\src\traditional\stdclib\vfprintf.c
                  __pa_32   0x00193a    program     static C:\MCC18\src\traditional\stdclib\vfprintf.c
                  __pa_33   0x001952    program     static C:\MCC18\src\traditional\stdclib\vfprintf.c
                  __pa_34   0x00195c    program     static C:\MCC18\src\traditional\stdclib\vfprintf.c
                  __pa_35   0x00196a    program     static C:\MCC18\src\traditional\stdclib\vfprintf.c
                  __pa_36   0x001972    program     static C:\MCC18\src\traditional\stdclib\vfprintf.c
                  __pa_37   0x00197c    program     static C:\MCC18\src\traditional\stdclib\vfprintf.c
                  __pa_38   0x00198c    program     static C:\MCC18\src\traditional\stdclib\vfprintf.c
                  __pa_39   0x00199a    program     static C:\MCC18\src\traditional\stdclib\vfprintf.c
                  __pa_40   0x0019a6    program     static C:\MCC18\src\traditional\stdclib\vfprintf.c
                  __pa_41   0x0019b2    program     static C:\MCC18\src\traditional\stdclib\vfprintf.c
                  __pa_42   0x0019ba    program     static C:\MCC18\src\traditional\stdclib\vfprintf.c
                  __pa_43   0x0019c4    program     static C:\MCC18\src\traditional\stdclib\vfprintf.c
                  __pa_44   0x0019ca    program     static C:\MCC18\src\traditional\stdclib\vfprintf.c
                  __pa_45   0x0019d4    program     static C:\MCC18\src\traditional\stdclib\vfprintf.c
                  __pa_46   0x0019e0    program     static C:\MCC18\src\traditional\stdclib\vfprintf.c
                delay_loc   0x0019ea    program     extern C:\Users\LIVEWIRE\Desktop\smec project\vechile\LCD.c
              delay_100us   0x001a60    program     extern C:\Users\LIVEWIRE\Desktop\smec project\vechile\LCD.c
                    delay   0x001aa6    program     extern C:\Users\LIVEWIRE\Desktop\smec project\vechile\LCD.c
                      nop   0x001aec    program     extern C:\Users\LIVEWIRE\Desktop\smec project\vechile\LCD.c
                 lcd_cmd1   0x001aee    program     extern C:\Users\LIVEWIRE\Desktop\smec project\vechile\LCD.c
                 lcd_dat1   0x001b0e    program     extern C:\Users\LIVEWIRE\Desktop\smec project\vechile\LCD.c
                  lcd_cmd   0x001b32    program     extern C:\Users\LIVEWIRE\Desktop\smec project\vechile\LCD.c
                  lcd_dat   0x001b5a    program     extern C:\Users\LIVEWIRE\Desktop\smec project\vechile\LCD.c
                  LCDinit   0x001b82    program     extern C:\Users\LIVEWIRE\Desktop\smec project\vechile\LCD.c
              display_row   0x001bdc    program     extern C:\Users\LIVEWIRE\Desktop\smec project\vechile\LCD.c
          display_row_var   0x001d20    program     extern C:\Users\LIVEWIRE\Desktop\smec project\vechile\LCD.c
                inttochar   0x001dc4    program     extern C:\Users\LIVEWIRE\Desktop\smec project\vechile\LCD.c
             print_ticket   0x001dee    program     extern C:\Users\LIVEWIRE\Desktop\smec project\vechile\LCD.c
           only_4_per_row   0x00224c    program     extern C:\Users\LIVEWIRE\Desktop\smec project\vechile\LCD.c
                InitUSART   0x0024ee    program     extern C:\Users\LIVEWIRE\Desktop\smec project\vechile\USART.c
                  getchar   0x002500    program     extern C:\Users\LIVEWIRE\Desktop\smec project\vechile\USART.c
             transmit_fxn   0x002520    program     extern C:\Users\LIVEWIRE\Desktop\smec project\vechile\USART.c
              serial_comm   0x002540    program     extern C:\Users\LIVEWIRE\Desktop\smec project\vechile\USART.c
                 FLO3232U   0x002976    program     extern C:\MCC18\src\traditional\math\cast32FP.asm
                 FLO3232S   0x00297a    program     extern C:\MCC18\src\traditional\math\cast32FP.asm
                jI2F32Beg   0x002992    program     static C:\MCC18\src\traditional\math\cast32FP.asm
                    FPD32   0x0029ac    program     extern C:\MCC18\src\traditional\math\divFP.asm
                 jANotInf   0x0029ca    program     static C:\MCC18\src\traditional\math\divFP.asm
              jSignedZero   0x0029d4    program     static C:\MCC18\src\traditional\math\divFP.asm
                jANotZero   0x0029de    program     static C:\MCC18\src\traditional\math\divFP.asm
                    jLoop   0x002a06    program     static C:\MCC18\src\traditional\math\divFP.asm
                jNoAdjust   0x002a2a    program     static C:\MCC18\src\traditional\math\divFP.asm
                    jNext   0x002a2c    program     static C:\MCC18\src\traditional\math\divFP.asm
                  INT3232   0x002a52    program     extern C:\MCC18\src\traditional\math\castFP32.asm
                     jMax   0x002a62    program     static C:\MCC18\src\traditional\math\castFP32.asm
                  jMaxPos   0x002a66    program     static C:\MCC18\src\traditional\math\castFP32.asm
                   jWr123   0x002a6c    program     static C:\MCC18\src\traditional\math\castFP32.asm
                  jMaxNeg   0x002a74    program     static C:\MCC18\src\traditional\math\castFP32.asm
                    jZero   0x002a7a    program     static C:\MCC18\src\traditional\math\castFP32.asm
                  jWrZ123   0x002a7c    program     static C:\MCC18\src\traditional\math\castFP32.asm
                  jNotInf   0x002a80    program     static C:\MCC18\src\traditional\math\castFP32.asm
                    jLoop   0x002a92    program     static C:\MCC18\src\traditional\math\castFP32.asm
                jLoopExit   0x002aa6    program     static C:\MCC18\src\traditional\math\castFP32.asm
                    jExit   0x002abe    program     static C:\MCC18\src\traditional\math\castFP32.asm
            __FpReturnNaN   0x002ac0    program     extern C:\MCC18\src\traditional\math\packFP.asm
                 __FpExit   0x002acc    program     extern C:\MCC18\src\traditional\math\packFP.asm
        __FpReturnSignInf   0x002ace    program     extern C:\MCC18\src\traditional\math\packFP.asm
         __FpReturnNegInf   0x002ad2    program     extern C:\MCC18\src\traditional\math\packFP.asm
         __FpReturnPosInf   0x002ad8    program     extern C:\MCC18\src\traditional\math\packFP.asm
           jReturnPosInf0   0x002adc    program     static C:\MCC18\src\traditional\math\packFP.asm
               jZero1and2   0x002ae0    program     static C:\MCC18\src\traditional\math\packFP.asm
       __FpReturnSignZero   0x002ae6    program     extern C:\MCC18\src\traditional\math\packFP.asm
        __FpReturnNegZero   0x002aea    program     extern C:\MCC18\src\traditional\math\packFP.asm
        __FpReturnPosZero   0x002af2    program     extern C:\MCC18\src\traditional\math\packFP.asm
                 __FpPack   0x002af8    program     extern C:\MCC18\src\traditional\math\packFP.asm
                  jPkLoop   0x002b06    program     static C:\MCC18\src\traditional\math\packFP.asm
             jPkShiftDone   0x002b22    program     static C:\MCC18\src\traditional\math\packFP.asm
               jPkRoundIt   0x002b38    program     static C:\MCC18\src\traditional\math\packFP.asm
             jPkRoundDone   0x002b50    program     static C:\MCC18\src\traditional\math\packFP.asm
              __FpReturnW   0x002b50    program     extern C:\MCC18\src\traditional\math\packFP.asm
              __FpUnPackA   0x002b70    program     extern C:\MCC18\src\traditional\math\UnpackFP.asm
                  jUnpkA1   0x002b7a    program     static C:\MCC18\src\traditional\math\UnpackFP.asm
                 jUnpkANZ   0x002b88    program     static C:\MCC18\src\traditional\math\UnpackFP.asm
                  jUnpkA2   0x002b92    program     static C:\MCC18\src\traditional\math\UnpackFP.asm
                 jUnpkNaN   0x002b9c    program     static C:\MCC18\src\traditional\math\UnpackFP.asm
              __FpUnPackB   0x002ba0    program     extern C:\MCC18\src\traditional\math\UnpackFP.asm
                  jUnpkB1   0x002baa    program     static C:\MCC18\src\traditional\math\UnpackFP.asm
                 jUnpkBNZ   0x002bb8    program     static C:\MCC18\src\traditional\math\UnpackFP.asm
                  jUnpkB2   0x002bc2    program     static C:\MCC18\src\traditional\math\UnpackFP.asm
                 FXM1616S   0x002bcc    program     extern C:\MCC18\src\traditional\math\fxm1616s.asm
               TSIGN1616A   0x002c18    program     static C:\MCC18\src\traditional\math\fxm1616s.asm
                _do_cinit   0x002c26    program     extern C:\MCC18\src\traditional\startup\c018i.c
                     test   0x002c40    program     static                          
                copy_loop   0x002c98    program     static                          
            copy_one_byte   0x002c9e    program     static                          
             done_copying   0x002cac    program     static                          
       ___return_lbl00002   0x002cc2    program     static                          
                     done   0x002cc2    program     static                          
            strcpypgm2ram   0x002cc4    program     extern C:\MCC18\src\traditional\stdclib\scpyp2r.asm
                    jLoop   0x002cea    program     static C:\MCC18\src\traditional\stdclib\scpyp2r.asm
                     jEnd   0x002cf4    program     static C:\MCC18\src\traditional\stdclib\scpyp2r.asm
                   strlen   0x002cf6    program     extern C:\MCC18\src\traditional\stdclib\strlen.asm
                    jLoop   0x002d06    program     static C:\MCC18\src\traditional\stdclib\strlen.asm
                     jEnd   0x002d10    program     static C:\MCC18\src\traditional\stdclib\strlen.asm
                strlenpgm   0x002d12    program     extern C:\MCC18\src\traditional\stdclib\slenpgm.asm
                    jLoop   0x002d30    program     static C:\MCC18\src\traditional\stdclib\slenpgm.asm
                   _2jEnd   0x002d46    program     static C:\MCC18\src\traditional\stdclib\slenpgm.asm
                     jEnd   0x002d48    program     static C:\MCC18\src\traditional\stdclib\slenpgm.asm
                   printf   0x002d5c    program     extern C:\MCC18\src\traditional\stdclib\printf.c
                     putc   0x002df4    program     extern C:\MCC18\src\traditional\stdclib\putc.c
               __string_9   0x002e78    program     static C:\Users\LIVEWIRE\Desktop\smec project\vechile\blink.c
               __string_8   0x002e83    program     static C:\Users\LIVEWIRE\Desktop\smec project\vechile\blink.c
               __string_7   0x002e95    program     static C:\Users\LIVEWIRE\Desktop\smec project\vechile\blink.c
               __string_6   0x002ea2    program     static C:\Users\LIVEWIRE\Desktop\smec project\vechile\blink.c
               __string_5   0x002eaa    program     static C:\Users\LIVEWIRE\Desktop\smec project\vechile\blink.c
               __string_4   0x002eb9    program     static C:\Users\LIVEWIRE\Desktop\smec project\vechile\blink.c
               __string_3   0x002ec5    program     static C:\Users\LIVEWIRE\Desktop\smec project\vechile\blink.c
               __string_2   0x002ed4    program     static C:\Users\LIVEWIRE\Desktop\smec project\vechile\blink.c
               __string_1   0x002ee1    program     static C:\Users\LIVEWIRE\Desktop\smec project\vechile\blink.c
               __string_0   0x002eed    program     static C:\Users\LIVEWIRE\Desktop\smec project\vechile\blink.c
                  FXM3232   0x002ef6    program     extern C:\MCC18\src\traditional\math\fxm3232.c
       ___return_lbl00000   0x002f64    program     static                          
                 FXD3232U   0x002f66    program     extern C:\MCC18\src\traditional\math\fxd3232u.c
                     loop   0x002f74    program     static                          
                   _false   0x002fa8    program     static                          
       ___return_lbl00000   0x002fac    program     static                          
                 FXD1616U   0x002fae    program     extern C:\MCC18\src\traditional\math\fxd1616u.c
                     loop   0x002fb8    program     static                          
                  endloop   0x002fd4    program     static                          
       ___return_lbl00000   0x002fd8    program     static                          
                  isdigit   0x002fda    program     extern C:\MCC18\src\traditional\stdclib\isdigit.asm
                   jMatch   0x002ffa    program     static C:\MCC18\src\traditional\stdclib\isdigit.asm
                 jNoMatch   0x002ffc    program     static C:\MCC18\src\traditional\stdclib\isdigit.asm
              Delay1KTCYx   0x002ffe    program     extern C:\MCC18\src\traditional\delays\d1ktcyx.asm
                     D1Kx   0x003008    program     static C:\MCC18\src\traditional\delays\d1ktcyx.asm
                    D1K_1   0x00300a    program     static C:\MCC18\src\traditional\delays\d1ktcyx.asm
        _D1KTCYXCODE_0010   0x00300e    program     static C:\MCC18\src\traditional\delays\d1ktcyx.asm
        _D1KTCYXCODE_0016   0x003014    program     static C:\MCC18\src\traditional\delays\d1ktcyx.asm
            __zero_memory   0x00301e    program     extern C:\MCC18\src\traditional\proc\p18F4520.asm
               zero_block   0x00302c    program     static C:\MCC18\src\traditional\proc\p18F4520.asm
                   loop_h   0x00302c    program     static C:\MCC18\src\traditional\proc\p18F4520.asm
                compare_l   0x003034    program     static C:\MCC18\src\traditional\proc\p18F4520.asm
                   loop_l   0x003036    program     static C:\MCC18\src\traditional\proc\p18F4520.asm
                 _startup   0x00303e    program     extern C:\MCC18\src\traditional\startup\c018i.c
                     loop   0x00304e    program     static                          
       ___return_lbl00001   0x003058    program     static                          
              _usart_putc   0x00305a    program     extern C:\MCC18\src\pmc_common\USART\_usartpc.asm
                     loop   0x00306a    program     static C:\MCC18\src\pmc_common\USART\_usartpc.asm
              Delay10TCYx   0x003076    program     extern C:\MCC18\src\traditional\delays\d10tcyx.asm
                     D10x   0x00307e    program     static C:\MCC18\src\traditional\delays\d10tcyx.asm
        _D10TCYXCODE_000A   0x003080    program     static C:\MCC18\src\traditional\delays\d10tcyx.asm
        _D10TCYXCODE_000C   0x003082    program     static C:\MCC18\src\traditional\delays\d10tcyx.asm
        _D10TCYXCODE_000E   0x003084    program     static C:\MCC18\src\traditional\delays\d10tcyx.asm
                    D10_1   0x003086    program     static C:\MCC18\src\traditional\delays\d10tcyx.asm
                 s_digits   0x00308c    program     static C:\MCC18\src\traditional\stdclib\vfprintf.c
               _user_putc   0x00309e    program     extern C:\MCC18\src\traditional\stdclib\_user_putc.c
                   __init   0x0030a0    program     extern C:\MCC18\src\traditional\stdclib\__init.c
                  __REMB3   0x000000       data     extern C:\MCC18\src\traditional\math\aarg.asm
                 __AARGB7   0x000000       data     extern C:\MCC18\src\traditional\math\aarg.asm
                 __AARGB6   0x000001       data     extern C:\MCC18\src\traditional\math\aarg.asm
                  __REMB2   0x000001       data     extern C:\MCC18\src\traditional\math\aarg.asm
                 __AARGB5   0x000002       data     extern C:\MCC18\src\traditional\math\aarg.asm
                  __REMB1   0x000002       data     extern C:\MCC18\src\traditional\math\aarg.asm
                 __AARGB4   0x000003       data     extern C:\MCC18\src\traditional\math\aarg.asm
                  __REMB0   0x000003       data     extern C:\MCC18\src\traditional\math\aarg.asm
                 __AARGB3   0x000004       data     extern C:\MCC18\src\traditional\math\aarg.asm
                 __AARGB2   0x000005       data     extern C:\MCC18\src\traditional\math\aarg.asm
                 __AARGB1   0x000006       data     extern C:\MCC18\src\traditional\math\aarg.asm
                 __AARGB0   0x000007       data     extern C:\MCC18\src\traditional\math\aarg.asm
                   __AEXP   0x000008       data     extern C:\MCC18\src\traditional\math\aarg.asm
                 __BARGB3   0x000009       data     extern C:\MCC18\src\traditional\math\barg.asm
                 __BARGB2   0x00000a       data     extern C:\MCC18\src\traditional\math\barg.asm
                 __BARGB1   0x00000b       data     extern C:\MCC18\src\traditional\math\barg.asm
                 __BARGB0   0x00000c       data     extern C:\MCC18\src\traditional\math\barg.asm
                   __BEXP   0x00000d       data     extern C:\MCC18\src\traditional\math\barg.asm
                     SIGN   0x00000e       data     extern C:\MCC18\src\traditional\math\cmath18.asm
            __FPFLAGSbits   0x00000f       data     extern C:\MCC18\src\traditional\math\cmath18.asm
                __FPFLAGS   0x00000f       data     extern C:\MCC18\src\traditional\math\cmath18.asm
                 __TEMPB3   0x000010       data     extern C:\MCC18\src\traditional\math\temparg.asm
                 __TEMPB2   0x000011       data     extern C:\MCC18\src\traditional\math\temparg.asm
                 __TEMPB1   0x000012       data     extern C:\MCC18\src\traditional\math\temparg.asm
                 __TEMPB0   0x000013       data     extern C:\MCC18\src\traditional\math\temparg.asm
                   __TEMP   0x000013       data     extern C:\MCC18\src\traditional\math\temparg.asm
                  __tmp_0   0x000014       data     static C:\MCC18\src\traditional\stdclib\vfprintf.c
                  __tmp_0   0x000014       data     static C:\MCC18\src\traditional\stdclib\printf.c
                  __tmp_0   0x000014       data     static C:\MCC18\src\traditional\stdclib\putc.c
                  __tmp_0   0x000014       data     static C:\Users\LIVEWIRE\Desktop\smec project\vechile\USART.c
                  __tmp_0   0x000014       data     static C:\Users\LIVEWIRE\Desktop\smec project\vechile\LCD.c
                  __tmp_0   0x000014       data     static C:\Users\LIVEWIRE\Desktop\smec project\vechile\blink.c
            DelayCounter1   0x00001e       data     extern C:\MCC18\src\traditional\delays\delayd1.asm
                  LCDText   0x000080       data     extern C:\Users\LIVEWIRE\Desktop\smec project\vechile\LCD.c
                     prom   0x0000a1       data     static C:\MCC18\src\traditional\startup\c018i.c
                curr_byte   0x0000a4       data     static C:\MCC18\src\traditional\startup\c018i.c
               curr_entry   0x0000a6       data     static C:\MCC18\src\traditional\startup\c018i.c
                 data_ptr   0x0000a8       data     static C:\MCC18\src\traditional\startup\c018i.c
                  bus_reg   0x0000ab       data     extern C:\Users\LIVEWIRE\Desktop\smec project\vechile\USART.c
                  pothole   0x0000b5       data     extern C:\Users\LIVEWIRE\Desktop\smec project\vechile\blink.c
            speed_breaker   0x0000b7       data     extern C:\Users\LIVEWIRE\Desktop\smec project\vechile\blink.c
                   stdout   0x0000b9       data     extern C:\MCC18\src\traditional\stdclib\stdout.c
                    PORTA   0x000f80       data     extern C:\MCC18\src\traditional\proc\p18F4520.asm
                PORTAbits   0x000f80       data     extern C:\MCC18\src\traditional\proc\p18F4520.asm
                PORTBbits   0x000f81       data     extern C:\MCC18\src\traditional\proc\p18F4520.asm
                    PORTB   0x000f81       data     extern C:\MCC18\src\traditional\proc\p18F4520.asm
                PORTCbits   0x000f82       data     extern C:\MCC18\src\traditional\proc\p18F4520.asm
                    PORTC   0x000f82       data     extern C:\MCC18\src\traditional\proc\p18F4520.asm
                PORTDbits   0x000f83       data     extern C:\MCC18\src\traditional\proc\p18F4520.asm
                    PORTD   0x000f83       data     extern C:\MCC18\src\traditional\proc\p18F4520.asm
                PORTEbits   0x000f84       data     extern C:\MCC18\src\traditional\proc\p18F4520.asm
                    PORTE   0x000f84       data     extern C:\MCC18\src\traditional\proc\p18F4520.asm
                 LATAbits   0x000f89       data     extern C:\MCC18\src\traditional\proc\p18F4520.asm
                     LATA   0x000f89       data     extern C:\MCC18\src\traditional\proc\p18F4520.asm
                     LATB   0x000f8a       data     extern C:\MCC18\src\traditional\proc\p18F4520.asm
                 LATBbits   0x000f8a       data     extern C:\MCC18\src\traditional\proc\p18F4520.asm
                     LATC   0x000f8b       data     extern C:\MCC18\src\traditional\proc\p18F4520.asm
                 LATCbits   0x000f8b       data     extern C:\MCC18\src\traditional\proc\p18F4520.asm
                     LATD   0x000f8c       data     extern C:\MCC18\src\traditional\proc\p18F4520.asm
                 LATDbits   0x000f8c       data     extern C:\MCC18\src\traditional\proc\p18F4520.asm
                     LATE   0x000f8d       data     extern C:\MCC18\src\traditional\proc\p18F4520.asm
                 LATEbits   0x000f8d       data     extern C:\MCC18\src\traditional\proc\p18F4520.asm
                TRISAbits   0x000f92       data     extern C:\MCC18\src\traditional\proc\p18F4520.asm
                    TRISA   0x000f92       data     extern C:\MCC18\src\traditional\proc\p18F4520.asm
                     DDRA   0x000f92       data     extern C:\MCC18\src\traditional\proc\p18F4520.asm
                 DDRAbits   0x000f92       data     extern C:\MCC18\src\traditional\proc\p18F4520.asm
                TRISBbits   0x000f93       data     extern C:\MCC18\src\traditional\proc\p18F4520.asm
                    TRISB   0x000f93       data     extern C:\MCC18\src\traditional\proc\p18F4520.asm
                     DDRB   0x000f93       data     extern C:\MCC18\src\traditional\proc\p18F4520.asm
                 DDRBbits   0x000f93       data     extern C:\MCC18\src\traditional\proc\p18F4520.asm
                    TRISC   0x000f94       data     extern C:\MCC18\src\traditional\proc\p18F4520.asm
                TRISCbits   0x000f94       data     extern C:\MCC18\src\traditional\proc\p18F4520.asm
                     DDRC   0x000f94       data     extern C:\MCC18\src\traditional\proc\p18F4520.asm
                 DDRCbits   0x000f94       data     extern C:\MCC18\src\traditional\proc\p18F4520.asm
                    TRISD   0x000f95       data     extern C:\MCC18\src\traditional\proc\p18F4520.asm
                     DDRD   0x000f95       data     extern C:\MCC18\src\traditional\proc\p18F4520.asm
                 DDRDbits   0x000f95       data     extern C:\MCC18\src\traditional\proc\p18F4520.asm
                TRISDbits   0x000f95       data     extern C:\MCC18\src\traditional\proc\p18F4520.asm
                     DDRE   0x000f96       data     extern C:\MCC18\src\traditional\proc\p18F4520.asm
                TRISEbits   0x000f96       data     extern C:\MCC18\src\traditional\proc\p18F4520.asm
                    TRISE   0x000f96       data     extern C:\MCC18\src\traditional\proc\p18F4520.asm
                 DDREbits   0x000f96       data     extern C:\MCC18\src\traditional\proc\p18F4520.asm
              OSCTUNEbits   0x000f9b       data     extern C:\MCC18\src\traditional\proc\p18F4520.asm
                  OSCTUNE   0x000f9b       data     extern C:\MCC18\src\traditional\proc\p18F4520.asm
                     PIE1   0x000f9d       data     extern C:\MCC18\src\traditional\proc\p18F4520.asm
                 PIE1bits   0x000f9d       data     extern C:\MCC18\src\traditional\proc\p18F4520.asm
                 PIR1bits   0x000f9e       data     extern C:\MCC18\src\traditional\proc\p18F4520.asm
                     PIR1   0x000f9e       data     extern C:\MCC18\src\traditional\proc\p18F4520.asm
                 IPR1bits   0x000f9f       data     extern C:\MCC18\src\traditional\proc\p18F4520.asm
                     IPR1   0x000f9f       data     extern C:\MCC18\src\traditional\proc\p18F4520.asm
                 PIE2bits   0x000fa0       data     extern C:\MCC18\src\traditional\proc\p18F4520.asm
                     PIE2   0x000fa0       data     extern C:\MCC18\src\traditional\proc\p18F4520.asm
                     PIR2   0x000fa1       data     extern C:\MCC18\src\traditional\proc\p18F4520.asm
                 PIR2bits   0x000fa1       data     extern C:\MCC18\src\traditional\proc\p18F4520.asm
                 IPR2bits   0x000fa2       data     extern C:\MCC18\src\traditional\proc\p18F4520.asm
                     IPR2   0x000fa2       data     extern C:\MCC18\src\traditional\proc\p18F4520.asm
               EECON1bits   0x000fa6       data     extern C:\MCC18\src\traditional\proc\p18F4520.asm
                   EECON1   0x000fa6       data     extern C:\MCC18\src\traditional\proc\p18F4520.asm
                   EECON2   0x000fa7       data     extern C:\MCC18\src\traditional\proc\p18F4520.asm
                   EEDATA   0x000fa8       data     extern C:\MCC18\src\traditional\proc\p18F4520.asm
                    EEADR   0x000fa9       data     extern C:\MCC18\src\traditional\proc\p18F4520.asm
                RCSTAbits   0x000fab       data     extern C:\MCC18\src\traditional\proc\p18F4520.asm
                    RCSTA   0x000fab       data     extern C:\MCC18\src\traditional\proc\p18F4520.asm
                    TXSTA   0x000fac       data     extern C:\MCC18\src\traditional\proc\p18F4520.asm
                TXSTAbits   0x000fac       data     extern C:\MCC18\src\traditional\proc\p18F4520.asm
                    TXREG   0x000fad       data     extern C:\MCC18\src\traditional\proc\p18F4520.asm
                    RCREG   0x000fae       data     extern C:\MCC18\src\traditional\proc\p18F4520.asm
                    SPBRG   0x000faf       data     extern C:\MCC18\src\traditional\proc\p18F4520.asm
                   SPBRGH   0x000fb0       data     extern C:\MCC18\src\traditional\proc\p18F4520.asm
                    T3CON   0x000fb1       data     extern C:\MCC18\src\traditional\proc\p18F4520.asm
                T3CONbits   0x000fb1       data     extern C:\MCC18\src\traditional\proc\p18F4520.asm
                    TMR3L   0x000fb2       data     extern C:\MCC18\src\traditional\proc\p18F4520.asm
                    TMR3H   0x000fb3       data     extern C:\MCC18\src\traditional\proc\p18F4520.asm
                CMCONbits   0x000fb4       data     extern C:\MCC18\src\traditional\proc\p18F4520.asm
                    CMCON   0x000fb4       data     extern C:\MCC18\src\traditional\proc\p18F4520.asm
                   CVRCON   0x000fb5       data     extern C:\MCC18\src\traditional\proc\p18F4520.asm
               CVRCONbits   0x000fb5       data     extern C:\MCC18\src\traditional\proc\p18F4520.asm
              ECCP1ASbits   0x000fb6       data     extern C:\MCC18\src\traditional\proc\p18F4520.asm
                  ECCP1AS   0x000fb6       data     extern C:\MCC18\src\traditional\proc\p18F4520.asm
              PWM1CONbits   0x000fb7       data     extern C:\MCC18\src\traditional\proc\p18F4520.asm
                  PWM1CON   0x000fb7       data     extern C:\MCC18\src\traditional\proc\p18F4520.asm
                  BAUDCTL   0x000fb8       data     extern C:\MCC18\src\traditional\proc\p18F4520.asm
              BAUDCONbits   0x000fb8       data     extern C:\MCC18\src\traditional\proc\p18F4520.asm
                  BAUDCON   0x000fb8       data     extern C:\MCC18\src\traditional\proc\p18F4520.asm
              BAUDCTLbits   0x000fb8       data     extern C:\MCC18\src\traditional\proc\p18F4520.asm
              CCP2CONbits   0x000fba       data     extern C:\MCC18\src\traditional\proc\p18F4520.asm
                  CCP2CON   0x000fba       data     extern C:\MCC18\src\traditional\proc\p18F4520.asm
                    CCPR2   0x000fbb       data     extern C:\MCC18\src\traditional\proc\p18F4520.asm
                   CCPR2L   0x000fbb       data     extern C:\MCC18\src\traditional\proc\p18F4520.asm
                   CCPR2H   0x000fbc       data     extern C:\MCC18\src\traditional\proc\p18F4520.asm
              CCP1CONbits   0x000fbd       data     extern C:\MCC18\src\traditional\proc\p18F4520.asm
                  CCP1CON   0x000fbd       data     extern C:\MCC18\src\traditional\proc\p18F4520.asm
                    CCPR1   0x000fbe       data     extern C:\MCC18\src\traditional\proc\p18F4520.asm
                   CCPR1L   0x000fbe       data     extern C:\MCC18\src\traditional\proc\p18F4520.asm
                   CCPR1H   0x000fbf       data     extern C:\MCC18\src\traditional\proc\p18F4520.asm
                   ADCON2   0x000fc0       data     extern C:\MCC18\src\traditional\proc\p18F4520.asm
               ADCON2bits   0x000fc0       data     extern C:\MCC18\src\traditional\proc\p18F4520.asm
               ADCON1bits   0x000fc1       data     extern C:\MCC18\src\traditional\proc\p18F4520.asm
                   ADCON1   0x000fc1       data     extern C:\MCC18\src\traditional\proc\p18F4520.asm
                   ADCON0   0x000fc2       data     extern C:\MCC18\src\traditional\proc\p18F4520.asm
               ADCON0bits   0x000fc2       data     extern C:\MCC18\src\traditional\proc\p18F4520.asm
                    ADRES   0x000fc3       data     extern C:\MCC18\src\traditional\proc\p18F4520.asm
                   ADRESL   0x000fc3       data     extern C:\MCC18\src\traditional\proc\p18F4520.asm
                   ADRESH   0x000fc4       data     extern C:\MCC18\src\traditional\proc\p18F4520.asm
                  SSPCON2   0x000fc5       data     extern C:\MCC18\src\traditional\proc\p18F4520.asm
              SSPCON2bits   0x000fc5       data     extern C:\MCC18\src\traditional\proc\p18F4520.asm
                  SSPCON1   0x000fc6       data     extern C:\MCC18\src\traditional\proc\p18F4520.asm
              SSPCON1bits   0x000fc6       data     extern C:\MCC18\src\traditional\proc\p18F4520.asm
              SSPSTATbits   0x000fc7       data     extern C:\MCC18\src\traditional\proc\p18F4520.asm
                  SSPSTAT   0x000fc7       data     extern C:\MCC18\src\traditional\proc\p18F4520.asm
                   SSPADD   0x000fc8       data     extern C:\MCC18\src\traditional\proc\p18F4520.asm
                   SSPBUF   0x000fc9       data     extern C:\MCC18\src\traditional\proc\p18F4520.asm
                    T2CON   0x000fca       data     extern C:\MCC18\src\traditional\proc\p18F4520.asm
                T2CONbits   0x000fca       data     extern C:\MCC18\src\traditional\proc\p18F4520.asm
                      PR2   0x000fcb       data     extern C:\MCC18\src\traditional\proc\p18F4520.asm
                     TMR2   0x000fcc       data     extern C:\MCC18\src\traditional\proc\p18F4520.asm
                    T1CON   0x000fcd       data     extern C:\MCC18\src\traditional\proc\p18F4520.asm
                T1CONbits   0x000fcd       data     extern C:\MCC18\src\traditional\proc\p18F4520.asm
                    TMR1L   0x000fce       data     extern C:\MCC18\src\traditional\proc\p18F4520.asm
                    TMR1H   0x000fcf       data     extern C:\MCC18\src\traditional\proc\p18F4520.asm
                     RCON   0x000fd0       data     extern C:\MCC18\src\traditional\proc\p18F4520.asm
                 RCONbits   0x000fd0       data     extern C:\MCC18\src\traditional\proc\p18F4520.asm
               WDTCONbits   0x000fd1       data     extern C:\MCC18\src\traditional\proc\p18F4520.asm
                   WDTCON   0x000fd1       data     extern C:\MCC18\src\traditional\proc\p18F4520.asm
                  HLVDCON   0x000fd2       data     extern C:\MCC18\src\traditional\proc\p18F4520.asm
              HLVDCONbits   0x000fd2       data     extern C:\MCC18\src\traditional\proc\p18F4520.asm
                   LVDCON   0x000fd2       data     extern C:\MCC18\src\traditional\proc\p18F4520.asm
               LVDCONbits   0x000fd2       data     extern C:\MCC18\src\traditional\proc\p18F4520.asm
                   OSCCON   0x000fd3       data     extern C:\MCC18\src\traditional\proc\p18F4520.asm
               OSCCONbits   0x000fd3       data     extern C:\MCC18\src\traditional\proc\p18F4520.asm
                    T0CON   0x000fd5       data     extern C:\MCC18\src\traditional\proc\p18F4520.asm
                T0CONbits   0x000fd5       data     extern C:\MCC18\src\traditional\proc\p18F4520.asm
                    TMR0L   0x000fd6       data     extern C:\MCC18\src\traditional\proc\p18F4520.asm
                    TMR0H   0x000fd7       data     extern C:\MCC18\src\traditional\proc\p18F4520.asm
               STATUSbits   0x000fd8       data     extern C:\MCC18\src\traditional\proc\p18F4520.asm
                   STATUS   0x000fd8       data     extern C:\MCC18\src\traditional\proc\p18F4520.asm
                    FSR2L   0x000fd9       data     extern C:\MCC18\src\traditional\proc\p18F4520.asm
                     FSR2   0x000fd9       data     extern C:\MCC18\src\traditional\proc\p18F4520.asm
                    FSR2H   0x000fda       data     extern C:\MCC18\src\traditional\proc\p18F4520.asm
                   PLUSW2   0x000fdb       data     extern C:\MCC18\src\traditional\proc\p18F4520.asm
                  PREINC2   0x000fdc       data     extern C:\MCC18\src\traditional\proc\p18F4520.asm
                 POSTDEC2   0x000fdd       data     extern C:\MCC18\src\traditional\proc\p18F4520.asm
                 POSTINC2   0x000fde       data     extern C:\MCC18\src\traditional\proc\p18F4520.asm
                    INDF2   0x000fdf       data     extern C:\MCC18\src\traditional\proc\p18F4520.asm
                      BSR   0x000fe0       data     extern C:\MCC18\src\traditional\proc\p18F4520.asm
                    FSR1L   0x000fe1       data     extern C:\MCC18\src\traditional\proc\p18F4520.asm
                     FSR1   0x000fe1       data     extern C:\MCC18\src\traditional\proc\p18F4520.asm
                    FSR1H   0x000fe2       data     extern C:\MCC18\src\traditional\proc\p18F4520.asm
                   PLUSW1   0x000fe3       data     extern C:\MCC18\src\traditional\proc\p18F4520.asm
                  PREINC1   0x000fe4       data     extern C:\MCC18\src\traditional\proc\p18F4520.asm
                 POSTDEC1   0x000fe5       data     extern C:\MCC18\src\traditional\proc\p18F4520.asm
                 POSTINC1   0x000fe6       data     extern C:\MCC18\src\traditional\proc\p18F4520.asm
                    INDF1   0x000fe7       data     extern C:\MCC18\src\traditional\proc\p18F4520.asm
                        W   0x000fe8       data     extern C:\MCC18\src\traditional\proc\p18F4520.asm
                     WREG   0x000fe8       data     extern C:\MCC18\src\traditional\proc\p18F4520.asm
                     FSR0   0x000fe9       data     extern C:\MCC18\src\traditional\proc\p18F4520.asm
                    FSR0L   0x000fe9       data     extern C:\MCC18\src\traditional\proc\p18F4520.asm
                    FSR0H   0x000fea       data     extern C:\MCC18\src\traditional\proc\p18F4520.asm
                   PLUSW0   0x000feb       data     extern C:\MCC18\src\traditional\proc\p18F4520.asm
                  PREINC0   0x000fec       data     extern C:\MCC18\src\traditional\proc\p18F4520.asm
                 POSTDEC0   0x000fed       data     extern C:\MCC18\src\traditional\proc\p18F4520.asm
                 POSTINC0   0x000fee       data     extern C:\MCC18\src\traditional\proc\p18F4520.asm
                    INDF0   0x000fef       data     extern C:\MCC18\src\traditional\proc\p18F4520.asm
              INTCON3bits   0x000ff0       data     extern C:\MCC18\src\traditional\proc\p18F4520.asm
                  INTCON3   0x000ff0       data     extern C:\MCC18\src\traditional\proc\p18F4520.asm
              INTCON2bits   0x000ff1       data     extern C:\MCC18\src\traditional\proc\p18F4520.asm
                  INTCON2   0x000ff1       data     extern C:\MCC18\src\traditional\proc\p18F4520.asm
                   INTCON   0x000ff2       data     extern C:\MCC18\src\traditional\proc\p18F4520.asm
               INTCONbits   0x000ff2       data     extern C:\MCC18\src\traditional\proc\p18F4520.asm
                    PRODL   0x000ff3       data     extern C:\MCC18\src\traditional\proc\p18F4520.asm
                     PROD   0x000ff3       data     extern C:\MCC18\src\traditional\proc\p18F4520.asm
                    PRODH   0x000ff4       data     extern C:\MCC18\src\traditional\proc\p18F4520.asm
                   TABLAT   0x000ff5       data     extern C:\MCC18\src\traditional\proc\p18F4520.asm
                  TBLPTRL   0x000ff6       data     extern C:\MCC18\src\traditional\proc\p18F4520.asm
                   TBLPTR   0x000ff6       data     extern C:\MCC18\src\traditional\proc\p18F4520.asm
                  TBLPTRH   0x000ff7       data     extern C:\MCC18\src\traditional\proc\p18F4520.asm
                  TBLPTRU   0x000ff8       data     extern C:\MCC18\src\traditional\proc\p18F4520.asm
                      PCL   0x000ff9       data     extern C:\MCC18\src\traditional\proc\p18F4520.asm
                       PC   0x000ff9       data     extern C:\MCC18\src\traditional\proc\p18F4520.asm
                   PCLATH   0x000ffa       data     extern C:\MCC18\src\traditional\proc\p18F4520.asm
                   PCLATU   0x000ffb       data     extern C:\MCC18\src\traditional\proc\p18F4520.asm
               STKPTRbits   0x000ffc       data     extern C:\MCC18\src\traditional\proc\p18F4520.asm
                   STKPTR   0x000ffc       data     extern C:\MCC18\src\traditional\proc\p18F4520.asm
                     TOSL   0x000ffd       data     extern C:\MCC18\src\traditional\proc\p18F4520.asm
                      TOS   0x000ffd       data     extern C:\MCC18\src\traditional\proc\p18F4520.asm
                     TOSH   0x000ffe       data     extern C:\MCC18\src\traditional\proc\p18F4520.asm
                     TOSU   0x000fff       data     extern C:\MCC18\src\traditional\proc\p18F4520.asm


